<?xml version="1.0" encoding="UTF-8"?>
<testsuites name="Azure DevOps Pipeline Tests" tests="32" failures="0" errors="0" time="4.692">
  <testsuite name="paginate Utility" errors="0" failures="0" skipped="0" timestamp="2026-06-15T14:57:55" time="1.6" tests="10">
    <testcase classname="paginate Utility getPaginationOptions should return default options when page and limit are undefined" name="paginate Utility getPaginationOptions should return default options when page and limit are undefined" time="0.004">
    </testcase>
    <testcase classname="paginate Utility getPaginationOptions should parse string inputs and return correct skip and take options" name="paginate Utility getPaginationOptions should parse string inputs and return correct skip and take options" time="0.004">
    </testcase>
    <testcase classname="paginate Utility getPaginationOptions should clamp page to minimum of 1" name="paginate Utility getPaginationOptions should clamp page to minimum of 1" time="0.003">
    </testcase>
    <testcase classname="paginate Utility getPaginationOptions should clamp limit to maximum of 100" name="paginate Utility getPaginationOptions should clamp limit to maximum of 100" time="0.001">
    </testcase>
    <testcase classname="paginate Utility getPaginationOptions should clamp limit to minimum of 1" name="paginate Utility getPaginationOptions should clamp limit to minimum of 1" time="0.002">
    </testcase>
    <testcase classname="paginate Utility getPaginationOptions should handle negative numbers by clamping to 1" name="paginate Utility getPaginationOptions should handle negative numbers by clamping to 1" time="0.001">
    </testcase>
    <testcase classname="paginate Utility getPaginationOptions should handle invalid non-numeric strings and fallback to defaults" name="paginate Utility getPaginationOptions should handle invalid non-numeric strings and fallback to defaults" time="0.001">
    </testcase>
    <testcase classname="paginate Utility getPaginationMeta should return correct pagination metadata" name="paginate Utility getPaginationMeta should return correct pagination metadata" time="0.001">
    </testcase>
    <testcase classname="paginate Utility getPaginationMeta should calculate 0 totalPages when totalCount is 0" name="paginate Utility getPaginationMeta should calculate 0 totalPages when totalCount is 0" time="0.001">
    </testcase>
    <testcase classname="paginate Utility getPaginationMeta should calculate 1 totalPage when totalCount is less than limit" name="paginate Utility getPaginationMeta should calculate 1 totalPage when totalCount is less than limit" time="0.001">
    </testcase>
  </testsuite>
  <testsuite name="Error Handler Middleware" errors="0" failures="0" skipped="0" timestamp="2026-06-15T14:57:56" time="1.144" tests="5">
    <testcase classname="Error Handler Middleware should handle AppError with correct status code and message" name="Error Handler Middleware should handle AppError with correct status code and message" time="0.036">
    </testcase>
    <testcase classname="Error Handler Middleware should handle generic errors and return 500" name="Error Handler Middleware should handle generic errors and return 500" time="0.014">
    </testcase>
    <testcase classname="Error Handler Middleware should handle Zod validation errors and return 400 with flattened field errors" name="Error Handler Middleware should handle Zod validation errors and return 400 with flattened field errors" time="0.021">
    </testcase>
    <testcase classname="Error Handler Middleware should include stack trace when NODE_ENV is development" name="Error Handler Middleware should include stack trace when NODE_ENV is development" time="0.033">
    </testcase>
    <testcase classname="Error Handler Middleware should obscure details of non-operational 500 errors when NODE_ENV is production" name="Error Handler Middleware should obscure details of non-operational 500 errors when NODE_ENV is production" time="0.014">
    </testcase>
  </testsuite>
  <testsuite name="Health Endpoints" errors="0" failures="0" skipped="0" timestamp="2026-06-15T14:57:58" time="0.88" tests="4">
    <testcase classname="Health Endpoints GET /health should return 200 and health check data" name="Health Endpoints GET /health should return 200 and health check data" time="0.014">
    </testcase>
    <testcase classname="Health Endpoints GET /health/database should return 200 when database connection is healthy" name="Health Endpoints GET /health/database should return 200 when database connection is healthy" time="0.011">
    </testcase>
    <testcase classname="Health Endpoints GET /health/database should trigger errorHandler and return 500 when database query fails" name="Health Endpoints GET /health/database should trigger errorHandler and return 500 when database query fails" time="0.013">
    </testcase>
    <testcase classname="Health Endpoints GET /health/application should return 200 and application stats" name="Health Endpoints GET /health/application should return 200 and application stats" time="0.013">
    </testcase>
  </testsuite>
  <testsuite name="Not Found Middleware" errors="0" failures="0" skipped="0" timestamp="2026-06-15T14:57:58" time="0.477" tests="2">
    <testcase classname="Not Found Middleware should return 404 for unknown routes" name="Not Found Middleware should return 404 for unknown routes" time="0.022">
    </testcase>
    <testcase classname="Not Found Middleware should return 404 for unknown POST routes" name="Not Found Middleware should return 404 for unknown POST routes" time="0.012">
    </testcase>
  </testsuite>
  <testsuite name="apiResponse Utility" errors="0" failures="0" skipped="0" timestamp="2026-06-15T14:57:59" time="0.146" tests="4">
    <testcase classname="apiResponse Utility should call status with provided statusCode and return JSON with message and success: true" name="apiResponse Utility should call status with provided statusCode and return JSON with message and success: true" time="0.003">
    </testcase>
    <testcase classname="apiResponse Utility should include data in the response if provided" name="apiResponse Utility should include data in the response if provided" time="0.002">
    </testcase>
    <testcase classname="apiResponse Utility should include pagination meta in the response if provided" name="apiResponse Utility should include pagination meta in the response if provided" time="0.001">
    </testcase>
    <testcase classname="apiResponse Utility should include both data and pagination if both are provided" name="apiResponse Utility should include both data and pagination if both are provided" time="0.001">
    </testcase>
  </testsuite>
  <testsuite name="catchAsync Utility" errors="0" failures="0" skipped="0" timestamp="2026-06-15T14:57:59" time="0.129" tests="3">
    <testcase classname="catchAsync Utility should return a middleware function wrapper" name="catchAsync Utility should return a middleware function wrapper" time="0.003">
    </testcase>
    <testcase classname="catchAsync Utility should execute the wrapped function when called" name="catchAsync Utility should execute the wrapped function when called" time="0.001">
    </testcase>
    <testcase classname="catchAsync Utility should catch rejected promise and pass the error to next()" name="catchAsync Utility should catch rejected promise and pass the error to next()" time="0.001">
    </testcase>
  </testsuite>
  <testsuite name="AppError Utility" errors="0" failures="0" skipped="0" timestamp="2026-06-15T14:57:59" time="0.12" tests="4">
    <testcase classname="AppError Utility should correctly instantiate AppError and inherit from Error" name="AppError Utility should correctly instantiate AppError and inherit from Error" time="0.006">
    </testcase>
    <testcase classname="AppError Utility should set status to fail for 4xx errors" name="AppError Utility should set status to fail for 4xx errors" time="0.002">
    </testcase>
    <testcase classname="AppError Utility should set status to error for 5xx errors" name="AppError Utility should set status to error for 5xx errors" time="0.002">
    </testcase>
    <testcase classname="AppError Utility should accept and set isOperational to false if specified" name="AppError Utility should accept and set isOperational to false if specified" time="0.001">
    </testcase>
  </testsuite>
</testsuites>